/home/helder/spring-petclinic/src/main/java/org/springframework/samples/petclinic/model/Person.java
/home/helder/spring-petclinic/src/main/java/org/springframework/samples/petclinic/PetClinicRuntimeHints.java
/home/helder/spring-petclinic/src/main/java/org/springframework/samples/petclinic/model/NamedEntity.java
/home/helder/spring-petclinic/src/main/java/org/springframework/samples/petclinic/owner/Pet.java
/home/helder/spring-petclinic/src/main/java/org/springframework/samples/petclinic/vet/VetController.java
/home/helder/spring-petclinic/src/main/java/org/springframework/samples/petclinic/owner/OwnerRepository.java
/home/helder/spring-petclinic/src/main/java/org/springframework/samples/petclinic/system/CacheConfiguration.java
/home/helder/spring-petclinic/src/main/java/org/springframework/samples/petclinic/owner/PetType.java
/home/helder/spring-petclinic/src/main/java/org/springframework/samples/petclinic/vet/Vet.java
/home/helder/spring-petclinic/src/main/java/org/springframework/samples/petclinic/owner/PetController.java
/home/helder/spring-petclinic/src/main/java/org/springframework/samples/petclinic/vet/Specialty.java
/home/helder/spring-petclinic/src/main/java/org/springframework/samples/petclinic/system/CrashController.java
/home/helder/spring-petclinic/src/main/java/org/springframework/samples/petclinic/owner/PetValidator.java
/home/helder/spring-petclinic/src/main/java/org/springframework/samples/petclinic/system/WelcomeController.java
/home/helder/spring-petclinic/src/main/java/org/springframework/samples/petclinic/PetClinicApplication.java
/home/helder/spring-petclinic/src/main/java/org/springframework/samples/petclinic/owner/VisitController.java
/home/helder/spring-petclinic/src/main/java/org/springframework/samples/petclinic/owner/Visit.java
/home/helder/spring-petclinic/src/main/java/org/springframework/samples/petclinic/vet/Vets.java
/home/helder/spring-petclinic/src/main/java/org/springframework/samples/petclinic/owner/PetTypeFormatter.java
/home/helder/spring-petclinic/src/main/java/org/springframework/samples/petclinic/owner/Owner.java
/home/helder/spring-petclinic/src/main/java/org/springframework/samples/petclinic/model/package-info.java
/home/helder/spring-petclinic/src/main/java/org/springframework/samples/petclinic/model/BaseEntity.java
/home/helder/spring-petclinic/src/main/java/org/springframework/samples/petclinic/owner/OwnerController.java
/home/helder/spring-petclinic/src/main/java/org/springframework/samples/petclinic/vet/VetRepository.java
